1>#  Implementar structs, las operaciones de crear y liberar, e inicioCadena .
2>Fin.
