1>#  Prueba de operaciones de mapping.
2>No lleno.
3>No existe asociacion.
4>Establecida la asociación.
5>Existe asociacion.
6>No lleno.
7>Eliminada la asociación.
8>No existe asociacion.
9>No lleno.
10>Establecida la asociación.
11>Existe asociacion.
12>2.50
13>Establecida la asociación.
14>Establecida la asociación.
15>Establecida la asociación.
16>Establecida la asociación.
17>Establecida la asociación.
18>Establecida la asociación.
19>Establecida la asociación.
20>Establecida la asociación.
21>2.50
22>1.90
23>No lleno.
24>Establecida la asociación.
25>LLeno.
26>Fin.
