1>#  Prueba de operaciones de mapping.
2>No existe asociacion.
3>Establecida la asociación.
4>Establecida la asociación.
5>Establecida la asociación.
6>Establecida la asociación.
7>Existe asociacion.
8>No lleno.
9>Eliminada la asociación.
10>No existe asociacion.
11>Establecida la asociación.
12>Eliminada la asociación.
13>No existe asociacion.
14>Establecida la asociación.
15>1.20
16>1.30
17>1.40
18>1.60
19>Eliminada la asociación.
20>Eliminada la asociación.
21>Eliminada la asociación.
22>Eliminada la asociación.
23>No lleno.
24>Fin.
