1>#  Implementar sonVecinos.
2>NO son vecinos.
3>NO son vecinos.
4>Nuevos vecinos: 5 2 25.00.
5>Son vecinos.
6>Son vecinos.
7>Nuevos vecinos: 5 8 58.00.
8>Son vecinos.
9>Son vecinos.
10>NO son vecinos.
11>NO son vecinos.
12>Nuevos vecinos: 9 1 91.00.
13>Son vecinos.
14>Nuevos vecinos: 2 10 210.00.
15>Son vecinos.
16>NO son vecinos.
17>NO son vecinos.
18>NO son vecinos.
19>Fin.
