1>#  Implementar distancia.
2>Nuevos vecinos: 5 2 25.00.
3>25.00
4>25.00
5>Nuevos vecinos: 5 8 58.00.
6>58.00
7>58.00
8>Nuevos vecinos: 9 1 91.00.
9>91.00
10>91.00
11>Nuevos vecinos: 2 10 210.00.
12>210.00
13>210.00
14>Fin.
