1>#  Implementar vecinos.
2>
3>
4>
5>
6>Nuevos vecinos: 5 2 25.00.
7>5 
8>2 
9>Nuevos vecinos: 5 9 59.00.
10>5 
11>2 9 
12>5 
13>Nuevos vecinos: 2 9 29.00.
14>
15>5 9 
16>2 9 
17>2 5 
18>
19>Nuevos vecinos: 5 1 100.00.
20>Nuevos vecinos: 5 3 100.00.
21>Nuevos vecinos: 4 5 100.00.
22>Nuevos vecinos: 6 5 100.00.
23>Nuevos vecinos: 5 7 100.00.
24>Nuevos vecinos: 5 8 100.00.
25>Nuevos vecinos: 5 10 100.00.
26>5 
27>5 9 
28>1 2 3 4 6 7 8 9 10 
29>2 5 
30>5 
31>Fin.
