1>#  Prueba de operaciones de colaDePrioridad.
2>10.
3>Vacia.
4>No está.
5>Se insertó el elemento.
6>Está.
7>1.50.
8>No vacía.
9>5
10>Eliminado.
11>Vacia.
12>Se insertó el elemento.
13>1.90.
14>Se actualizó el valor.
15>1.50.
16>5
17>Eliminado.
18>Vacia.
19>Se insertó el elemento.
20>Se insertó el elemento.
21>1
22>Se insertó el elemento.
23>Se insertó el elemento.
24>Se insertó el elemento.
25>Se insertó el elemento.
26>Se insertó el elemento.
27>Se insertó el elemento.
28>Se insertó el elemento.
29>Se insertó el elemento.
30>10
31>Fin.
