1>Establecida la asociación.
2>2.00
3>Se insertó el elemento.
4>8
5>Nuevos vecinos: 1 2 1.00.
6>Son vecinos.
7>NO son vecinos.
8>Fin.
