1>Nuevos vecinos: 1 2 1.00.
2>Son vecinos.
3>NO son vecinos.
4>1.00
5>2 
6>1 
7>
8>NO hay M parejas.
9>Nuevos vecinos: 1 4 1.00.
10>Nuevos vecinos: 3 2 1.00.
11>2 4 
12>1 3 
13>1 
14>NO hay M parejas.
15>Establecida la asociación.
16>Establecida la asociación.
17>Se insertó el elemento.
18>Se insertó el elemento.
19>Se insertó el elemento.
20>5.00
21>5.00
22>Eliminada la asociación.
23>5.00
24>3
25>Se actualizó el valor.
26>4
27>Eliminado.
28>No vacía.
29>Fin.
