1>Nuevos vecinos: 1 2 1.00.
2>Son vecinos.
3>NO son vecinos.
4>1.00
5>2 
6>1 
7>
8>10.
9>Nuevos vecinos: 1 4 1.00.
10>Nuevos vecinos: 3 9 1.00.
11>2 4 
12>1 
13>1 
14>10.
15>Se insert贸 el elemento.
16>Se insert贸 el elemento.
17>Se insert贸 el elemento.
18>No existe asociacion.
19>3.00.
20>Se actualiz贸 el valor.
21>Eliminado.
22>4
23>Fin.
