1>Establecida la asociación.
2>Eliminada la asociación.
3>Establecida la asociación.
4>Existe asociacion.
5>25.00
6>No lleno.
7>Nuevos vecinos: 2 1 5.00.
8>Nuevos vecinos: 3 1 5.00.
9>Nuevos vecinos: 10 1 5.00.
10>Nuevos vecinos: 9 1 5.00.
11>Nuevos vecinos: 8 1 5.00.
12>NO hay M parejas.
13>Son vecinos.
14>NO son vecinos.
15>5.00
16>1 
17>1 
18>
19>10.
20>Nuevos vecinos: 2 3 1.00.
21>Nuevos vecinos: 2 10 1.00.
22>Nuevos vecinos: 4 7 2.00.
23>Nuevos vecinos: 7 5 2.00.
24>Se insertó el elemento.
25>Se insertó el elemento.
26>Se insertó el elemento.
27>10.
28>3.00.
29>Se actualizó el valor.
30>9
31>Fin.
