1>Establecida la asociación.
2>Establecida la asociación.
3>No existe asociacion.
4>15.00
5>No lleno.
6>Vacia.
7>No está.
8>10.
9>Nuevos vecinos: 2 1 5.00.
10>Nuevos vecinos: 3 1 5.00.
11>Nuevos vecinos: 10 1 5.00.
12>Nuevos vecinos: 9 1 5.00.
13>Nuevos vecinos: 8 1 5.00.
14>NO hay M parejas.
15>Son vecinos.
16>NO son vecinos.
17>5.00
18>1 
19>1 
20>
21>10.
22>Nuevos vecinos: 2 3 1.00.
23>Nuevos vecinos: 2 10 1.00.
24>Nuevos vecinos: 2 9 1.00.
25>Nuevos vecinos: 2 8 1.00.
26>Nuevos vecinos: 4 7 2.00.
27>Nuevos vecinos: 7 5 2.00.
28>Nuevos vecinos: 4 5 2.00.
29>Nuevos vecinos: 10 9 2.00.
30>Nuevos vecinos: 10 8 2.00.
31>Nuevos vecinos: 10 3 2.00.
32>Nuevos vecinos: 8 3 2.00.
33>Nuevos vecinos: 9 3 2.00.
34>Nuevos vecinos: 9 8 2.00.
35>Nuevos vecinos: 6 1 0.10.
36>Nuevos vecinos: 6 2 0.10.
37>Nuevos vecinos: 6 3 0.10.
38>Nuevos vecinos: 6 8 0.10.
39>Nuevos vecinos: 6 9 0.10.
40>Nuevos vecinos: 6 10 0.10.
41>Nuevos vecinos: 4 1 0.50.
42>Nuevos vecinos: 4 2 0.50.
43>Nuevos vecinos: 4 3 0.50.
44>Nuevos vecinos: 4 9 0.50.
45>Nuevos vecinos: 4 10 0.50.
46>NO hay M parejas.
47>Nuevos vecinos: 4 8 0.50.
48>Hay M parejas.
49>Fin.
