1>Nuevos vecinos: 1 2 5.00.
2>Nuevos vecinos: 1 3 5.00.
3>Nuevos vecinos: 1 4 5.00.
4>Nuevos vecinos: 1 5 5.00.
5>Nuevos vecinos: 1 6 5.00.
6>Nuevos vecinos: 1 7 5.00.
7>Nuevos vecinos: 1 8 5.00.
8>Nuevos vecinos: 1 9 5.00.
9>Nuevos vecinos: 1 10 5.00.
10>Nuevos vecinos: 10 2 1.00.
11>Nuevos vecinos: 10 3 1.00.
12>Nuevos vecinos: 10 4 1.00.
13>Nuevos vecinos: 10 5 1.00.
14>Nuevos vecinos: 10 6 1.00.
15>Nuevos vecinos: 10 7 1.00.
16>Nuevos vecinos: 10 8 1.00.
17>Nuevos vecinos: 10 9 1.00.
18>5.00
19>1.00
20>NO son vecinos.
21>1 2 3 4 5 6 7 8 9 
22>1 10 
23>Establecida la asociación.
24>Eliminada la asociación.
25>Establecida la asociación.
26>Eliminada la asociación.
27>Se insertó el elemento.
28>Se insertó el elemento.
29>Se insertó el elemento.
30>No existe asociacion.
31>No lleno.
32>Se actualizó el valor.
33>3.00.
34>4
35>Fin.
