1>#  prueba de tiempo colaDePrioridad.
2>
 prueba 1. 
 prueba 2. 
 prueba 3. 
 prueba 4. 
3>Fin.
