1>#  prueba de tiempo mapping.
2>prueba asociar, desasociar, existeAsociacion. 
prueba existeAsociacion, valorEnMap. 
3>Fin.
